// Jest Snapshot v1, https://goo.gl/fbAQLP

exports[`<EditEmployee /> renders without crashing 1`] = `
<div>
  <div
    class="employee-edit-detail"
  >
    <form>
      <div
        class="employee-edit-header-photo"
      >
        <img
          alt="Niclas-Stornes"
        />
      </div>
      <div
        class="employee-edit-header-details"
      >
        <div
          class="employee-edit-header-name"
        >
          <div
            class="employee-edit-header-title"
          >
            <div
              class="label-holder"
            >
              <label
                for="titleField"
              >
                Title: 
              </label>
            </div>
            <div
              class="input-holder"
            >
              <select
                name="titleField"
              >
                <option
                  selected=""
                  value="Mr"
                >
                  Mr
                </option>
                <option
                  value="Ms"
                >
                  Ms
                </option>
                <option
                  value="Mrs"
                >
                  Mrs
                </option>
                <option
                  value="Miss"
                >
                  Miss
                </option>
                <option
                  value="Monsieur"
                >
                  Monsieur
                </option>
                <option
                  value="Madame"
                >
                  Madame
                </option>
              </select>
            </div>
          </div>
          <div
            class="employee-edit-header-first"
          >
            <div
              class="label-holder"
            >
              <label
                for="firstNameField"
              >
                First: 
              </label>
            </div>
            <div
              class="input-holder"
            >
              <input
                data-testid="edit-employee-first-name"
                name="firstNameField"
                value="Niclas"
              />
            </div>
          </div>
          <div
            class="employee-edit-header-last"
          >
            <div
              class="label-holder"
            >
              <label
                for="lastNameField"
              >
                Last: 
              </label>
            </div>
            <div
              class="input-holder"
            >
              <input
                data-testid="edit-employee-last-name"
                name="lastNameField"
                value="Stornes"
              />
            </div>
          </div>
          <div
            class="employee-edit-header-email"
          >
            <div
              class="label-holder"
            >
              <label
                for="emailField"
              >
                Email: 
              </label>
            </div>
            <div
              class="input-holder"
            >
              <input
                data-testid="edit-employee-email"
                name="emailField"
                value="niclas.stornes@example.com"
              />
            </div>
          </div>
          <div
            class="save-button-container"
          >
            <button
              class="save-button"
              type="submit"
            >
              Save
            </button>
          </div>
        </div>
      </div>
    </form>
  </div>
</div>
`;
